  Γû▓ Next.js 14.2.33

   Creating an optimized production build ...
node.exe : Failed to compile.
At line:1 char:1
+ & "C:\Program 
Files\nodejs/node.exe" 
"C:\Program 
Files\nodejs/node_mo ...
+ ~~~~~~~~~~~~~~~~~~~~~~~~~~~
~~~~~~~~~~~~~~~~~~~~~~~~~~~~~
~~~~~~~~~~~~~
    + CategoryInfo           
   : NotSpecified: (Failed   
  to compile.:String) [],    
 RemoteException
    + FullyQualifiedErrorId  
   : NativeCommandError
 

./src/pages/docs/_meta.tsx
Error: 
  [31mx[0m Expected ',', 
got 'string literal 
(pixelated-image-trail, 
"pixelated-image-trail")'
    ,-[[36;1;4mD:\VengeanceU
I\src\pages\docs\_meta.tsx[0
m:37:1]
 [2m37[0m |     
"logo-slider": "Logo Slider",
 [2m38[0m |     
"stacked-logos": "Stacked 
Logos",
 [2m39[0m |     
"scroll-effect":"Scroll 
Effect"
 [2m40[0m |     
"pixelated-image-trail": 
"Pixelated Image Trail"
    : [31;1m    
^^^^^^^^^^^^^^^^^^^^^^^[0m
 [2m41[0m | }
    `----

Caused by:
    Syntax Error

Import trace for requested 
module:
./src/pages/docs/_meta.tsx
./.next/static/chunks/nextra-
page-map-.mjs
./src/pages/docs/add-utilitie
s.mdx


> Build failed because of 
webpack errors
